../Core/Src/main.c:79:7:OSC_GenerateTestSignal	120	static
../Core/Src/main.c:194:6:OSC_DMA_ForceCircular	8	static
../Core/Src/main.c:207:6:Timestamp_Init	4	static
../Core/Src/main.c:221:5:main	16	static
../Core/Src/main.c:351:6:SystemClock_Config	88	static
../Core/Src/main.c:397:13:MX_ADC1_Init	24	static
../Core/Src/main.c:449:13:MX_CRC_Init	8	static
../Core/Src/main.c:475:13:MX_SPI1_Init	8	static
../Core/Src/main.c:513:13:MX_TIM2_Init	32	static
../Core/Src/main.c:558:13:MX_TIM3_Init	48	static
../Core/Src/main.c:605:13:MX_DMA_Init	16	static
../Core/Src/main.c:626:13:MX_GPIO_Init	56	static
../Core/Src/main.c:799:6:Error_Handler	4	static,ignoring_inline_asm
