../Core/Src/oscilloscope.c:61:6:OSCP_Init	16	static
../Core/Src/oscilloscope.c:101:7:OSCP_MapVoltage	16	static
../Core/Src/oscilloscope.c:110:9:OSCP_V2Y	24	static
../Core/Src/oscilloscope.c:117:9:OSCP_Time2X	16	static
../Core/Src/oscilloscope.c:124:6:OSCP_DrawGrid	48	static
../Core/Src/oscilloscope.c:157:6:OSCP_DrawWaveform	88	static
../Core/Src/oscilloscope.c:232:6:OSCP_CalculateMeasurements	488	static
../Core/Src/oscilloscope.c:314:6:OSCP_DrawLeftPanel	88	static
../Core/Src/oscilloscope.c:344:6:OSCP_DrawRightPanel	88	static
../Core/Src/oscilloscope.c:369:6:OSCP_DrawStatusBar	64	static
../Core/Src/oscilloscope.c:394:6:OSCP_DrawBottomBar	96	static
../Core/Src/oscilloscope.c:448:6:OSCP_DrawTopButton_UART	64	static
../Core/Src/oscilloscope.c:462:6:OSCP_DrawTopButton_I2C	64	static
../Core/Src/oscilloscope.c:475:6:OSCP_DrawUI	8	static
../Core/Src/oscilloscope.c:502:6:OSCP_Update	40	static
../Core/Src/oscilloscope.c:621:6:OSCP_HandleTouch	88	static
../Core/Src/oscilloscope.c:830:9:OSCP_GetInputRange	4	static
../Core/Src/oscilloscope.c:831:9:OSCP_SetInputRange	16	static
../Core/Src/oscilloscope.c:832:9:OSCP_GetCursorMode	4	static
../Core/Src/oscilloscope.c:838:6:OSCP_ClearTriggerArrow	16	static
../Core/Src/oscilloscope.c:851:6:OSCP_ClearTriggerLine	16	static
../Core/Src/oscilloscope.c:861:6:OSCP_DrawTriggerIndicator	16	static
../Core/Src/oscilloscope.c:875:6:OSCP_DrawTriggerLine	16	static
../Core/Src/oscilloscope.c:884:6:OSCP_DrawGroundIndicator	24	static
../Core/Src/oscilloscope.c:896:6:OSCP_ClearHorizontalCursors	16	static
../Core/Src/oscilloscope.c:908:6:OSCP_DrawHorizontalCursors	104	static
../Core/Src/oscilloscope.c:951:6:OSCP_ClearVerticalCursors	16	static
../Core/Src/oscilloscope.c:963:6:OSCP_DrawVerticalCursors	112	static
../Core/Src/oscilloscope.c:1032:6:OSCP_SetSampleRate	16	static
../Core/Src/oscilloscope.c:1038:10:OSCP_GetSampleRate	4	static
