../Core/Src/z_displ_ILI9XXX.c:53:6:Displ_Select	8	static
../Core/Src/z_displ_ILI9XXX.c:74:6:Displ_Transmit	32	static
../Core/Src/z_displ_ILI9XXX.c:138:6:Displ_WriteCommand	16	static
../Core/Src/z_displ_ILI9XXX.c:151:6:Displ_WriteData	24	static
../Core/Src/z_displ_ILI9XXX.c:163:6:ILI9XXX_Init	8	static
../Core/Src/z_displ_ILI9XXX.c:254:6:Displ_SetAddressWindow	24	static
../Core/Src/z_displ_ILI9XXX.c:274:6:Displ_Init	16	static
../Core/Src/z_displ_ILI9XXX.c:298:6:Displ_Orientation	16	static
../Core/Src/z_displ_ILI9XXX.c:330:6:HAL_SPI_ErrorCallback	16	static
../Core/Src/z_displ_ILI9XXX.c:341:6:HAL_SPI_TxCpltCallback	16	static
../Core/Src/z_displ_ILI9XXX.c:361:6:Displ_FillArea	56	static
../Core/Src/z_displ_ILI9XXX.c:451:6:ILI9488_DrawImage	24	static
../Core/Src/z_displ_ILI9XXX.c:462:6:Displ_DrawImage	32	static
../Core/Src/z_displ_ILI9XXX.c:498:6:Displ_Pixel	24	static
../Core/Src/z_displ_ILI9XXX.c:508:6:Displ_drawCircle	40	static
../Core/Src/z_displ_ILI9XXX.c:550:6:Displ_CLS	24	static
../Core/Src/z_displ_ILI9XXX.c:569:6:drawCircleHelper	40	static
../Core/Src/z_displ_ILI9XXX.c:613:6:fillCircleHelper	48	static
../Core/Src/z_displ_ILI9XXX.c:647:6:Displ_fillCircle	32	static
../Core/Src/z_displ_ILI9XXX.c:660:6:Displ_Line	56	static
../Core/Src/z_displ_ILI9XXX.c:744:6:Displ_Border	32	static
../Core/Src/z_displ_ILI9XXX.c:755:6:Displ_drawTriangle	32	static
../Core/Src/z_displ_ILI9XXX.c:768:6:Displ_fillTriangle	80	static
../Core/Src/z_displ_ILI9XXX.c:862:6:Displ_WChar	64	static
../Core/Src/z_displ_ILI9XXX.c:985:6:Displ_drawRoundRect	40	static
../Core/Src/z_displ_ILI9XXX.c:1003:6:Displ_fillRoundRect	40	static
../Core/Src/z_displ_ILI9XXX.c:1027:6:Displ_WString	64	static
../Core/Src/z_displ_ILI9XXX.c:1068:6:Displ_CString	56	static
../Core/Src/z_displ_ILI9XXX.c:1123:11:Displ_BackLight	16	static,ignoring_inline_asm
../Core/Src/z_displ_ILI9XXX.c:1192:5:touchgfxDisplayDriverTransmitActive	4	static
../Core/Src/z_displ_ILI9XXX.c:1206:6:touchgfxDisplayDriverTransmitBlock	32	static
